✔ [70/139] Built Mathlib.Lean.Linter:c.o (92ms)
✔ [71/139] Built Mathlib.Tactic.Lemma:c.o (86ms)
✔ [72/139] Built Mathlib.Lean.Environment:c.o (88ms)
✔ [73/139] Built Mathlib.Tactic.AdaptationNote:c.o (243ms)
✔ [74/139] Built Mathlib.Tactic.Linter.HaveILetI:c.o (320ms)
✔ [75/139] Built Mathlib.Tactic.Linter.OldObtain:c.o (261ms)
✔ [76/139] Built Batteries.Lean.Position:c.o (261ms)
✔ [77/139] Built Mathlib.Tactic.Linter.TacticDocumentation:c.o (203ms)
✔ [78/139] Built Batteries.Tactic.Unreachable:c.o (165ms)
✔ [79/139] Built Mathlib.Tactic.DeclarationNames:c.o (151ms)
✔ [80/139] Built Mathlib.Tactic.Linter.AuxLemma:c.o (383ms)
✔ [81/139] Built Mathlib.Tactic.Linter.DocPrime:c.o (365ms)
✔ [82/139] Built Mathlib.Tactic.Linter.GlobalAttributeIn:c.o (410ms)
✔ [83/139] Built ImportGraph.Lean.Environment:c.o (152ms)
✔ [84/139] Built Mathlib.Lean.Elab.Tactic.Meta:c.o (472ms)
✔ [85/139] Built Mathlib.Tactic.Linter.PrivateModule:c.o (479ms)
✔ [86/139] Built Mathlib.Tactic.Linter.UnusedTacticExtension:c.o (481ms)
✔ [87/139] Built ImportGraph.Imports.Redundant:c.o (176ms)
✔ [88/139] Built Mathlib.Tactic.Linter.DeprecatedSyntaxLinter:c.o (573ms)
✔ [89/139] Built Mathlib.Tactic.Linter.HashCommandLinter:c.o (620ms)
✔ [90/139] Built Mathlib.Lean.Elab.InfoTree:c.o (509ms)
✔ [91/139] Built Batteries.Lean.Meta.Inaccessible:c.o (376ms)
✔ [92/139] Built Mathlib.Util.ParseCommand:c.o (206ms)
✔ [93/139] Built Mathlib.Tactic.TypeStar:c.o (159ms)
✔ [94/139] Built Batteries.Lean.Syntax:c.o (96ms)
✔ [96/139] Built Mathlib.Tactic.Linter.DirectoryDependency:c.o (784ms)
✔ [97/139] Built Mathlib.Tactic.Linter.Multigoal:c.o (717ms)
✔ [98/139] Built ImportGraph.Graph.TransitiveClosure:c.o (141ms)
✔ [99/139] Built ImportGraph.Tools:c.o (91ms)
✔ [100/139] Built Mathlib.Lean.ContextInfo:c.o (744ms)
✔ [101/139] Built Batteries.Tactic.Lint.Misc:c.o (782ms)
✔ [102/139] Built Batteries.Util.LibraryNote:c.o (332ms)
✔ [103/139] Built Batteries.Tactic.Lint:c.o (99ms)
✔ [104/139] Built Mathlib.Tactic.Linter.EmptyLine:c.o (943ms)
✔ [105/139] Built ImportGraph.Tools.MinImports:c.o (365ms)
✔ [106/139] Built ImportGraph.Tools.RedundantImports:c.o (255ms)
✔ [107/139] Built Mathlib.Util.CodeActions:c.o (85ms)
✔ [108/139] Built Mathlib.Init:c.o (130ms)
✔ [109/139] Built ImportGraph.Imports.ImportGraph:c.o (786ms)
✔ [110/139] Built ImportGraph.Tools.ImportDiff:c.o (489ms)
✔ [111/139] Built Mathlib.Util.CodeActions.BinderPlicity:c.o (280ms)
✔ [112/139] Built Batteries.Tactic.Lint.Basic:c.o (1.1s)
✔ [113/139] Built Mathlib.Util.GetAllModules:c.o (270ms)
✔ [114/139] Built Batteries.Tactic.Lint.TypeClass:c.o (496ms)
✔ [115/139] Built Mathlib.Tactic.Linter.Header:c.o (1.3s)
✔ [116/139] Built Mathlib.Tactic.Linter.DocString:c.o (1.3s)
✔ [117/139] Built Mathlib.Tactic.Linter.UnusedInstancesInType:c.o (1.2s)
✔ [118/139] Built Mathlib.Tactic.Linter.UnusedTactic:c.o (1.2s)
✔ [119/139] Built Mathlib.Tactic.Linter.Whitespace:c.o (1.3s)
✔ [120/139] Built Mathlib.Tactic.Linter.Lint:c.o (758ms)
✔ [121/139] Built Mathlib.Tactic.TacticAnalysis:c.o (1.4s)
✔ [122/139] Built ImportGraph.Tools.FindHome:c.o (1.1s)
✔ [123/139] Built Mathlib.Lean.Expr.Basic:c.o (1.7s)
✔ [124/139] Built ImportGraph.Imports.RequiredModules:c.o (1.4s)
✔ [125/139] Built Mathlib.Tactic.ExtractGoal:c.o (1.4s)
✔ [126/139] Built Mathlib.Tactic.Linter.FlexibleLinter:c.o (1.8s)
✔ [127/139] Built Mathlib.Tactic.Linter.Style:c.o (1.7s)
✔ [128/139] Built Batteries.Tactic.Lint.Simp:c.o (1.3s)
✔ [129/139] Built Mathlib.Tactic.MinImports:c.o (1.0s)
✔ [130/139] Built Batteries.Tactic.HelpCmd:c.o (1.8s)
✔ [131/139] Built Mathlib.Tactic.Linter.OverlappingInstances:c.o (2.3s)
✔ [132/139] Built Batteries.Tactic.Lint.Frontend:c.o (1.8s)
✔ [133/139] Built Mathlib.Tactic.TacticAnalysis.Declarations:c.o (2.2s)
✔ [134/139] Built Batteries.Util.ProofWanted:c.o (2.6s)
✔ [135/139] Built Cli.Basic (3.6s)
✔ [136/139] Built mk_all (638ms)
✔ [137/139] Built mk_all:c.o (326ms)
✔ [138/139] Built Cli.Basic:c.o (2.7s)
✔ [139/139] Built mk_all:exe (645ms)
No update necessary
