✔ [5/103] Built MD4Lean/md4cEntityObj (71ms)
✔ [6/103] Built MD4Lean/md4cHtmlObj (112ms)
✔ [7/103] Built MD4Lean/wrapperObj (112ms)
✔ [10/211] Built Verso.CLI (350ms)
✔ [11/211] Built Verso.Doc.DocName (332ms)
✔ [12/211] Built Verso.Hover (362ms)
✔ [13/211] Built Verso.EnvExtension (386ms)
✔ [14/211] Built Verso.Doc.Elab.ExpanderAttribute (413ms)
✔ [15/211] Built Verso.Doc.SourceRange (377ms)
✔ [16/211] Built MD4Lean/md4cCoreObj (357ms)
✔ [17/211] Built Verso.Hint (332ms)
✔ [18/211] Built Verso.Parser.Lean (582ms)
✔ [19/211] Built Verso.Doc.Helpers (534ms)
✔ [20/211] Built Verso.Doc.Suggestion.Basic (480ms)
✔ [21/211] Built Verso.Log (506ms)
✔ [22/211] Built Verso.Output.Html.Comments (538ms)
✔ [23/211] Built Verso.Output.Html.Tags (513ms)
✔ [24/211] Built VersoUtil.WfRec (463ms)
✔ [25/211] Built Verso.Code.Highlighted.WebAssets (516ms)
✔ [26/211] Built Verso.BEq (421ms)
✔ [27/211] Built Verso.CLI:c.o (195ms)
✔ [28/211] Built Verso.Doc.DocName:c.o (185ms)
✔ [29/211] Built Verso.Hover:c.o (193ms)
✔ [30/211] Built Verso.Doc.SourceRange:c.o (206ms)
✔ [31/211] Built Verso.Hint:c.o (153ms)
✔ [32/211] Built Verso.Instances.Deriving (690ms)
✔ [33/211] Built Verso.Output.Html.AttributeName (555ms)
✔ [34/211] Built MultiVerso.InternalId (608ms)
✔ [35/211] Built MultiVerso.Path (564ms)
✔ [36/211] Built Verso.EnvExtension:c.o (281ms)
✔ [37/211] Built Verso.Doc.Elab.ExpanderAttribute:c.o (221ms)
✔ [38/211] Built Verso.Doc.Suggestion.Basic:c.o (115ms)
✔ [39/211] Built Verso.Log:c.o (108ms)
✔ [40/211] Built VersoUtil.WfRec:c.o (104ms)
✔ [41/211] Built Verso.BEq:c.o (131ms)
✔ [42/211] Built Challenge (444ms)
✔ [43/211] Built Verso.Output.Html.Entities (723ms)
✔ [44/211] Built Verso.Parser.Lean:c.o (165ms)
✔ [45/211] Built Verso.Doc.Helpers:c.o (171ms)
✔ [46/211] Built Verso.Output.Html.Comments:c.o (135ms)
✔ [47/211] Built Verso.Output.Html.Tags:c.o (131ms)
✔ [48/211] Built Verso.Code.Highlighted.WebAssets:c.o (106ms)
✔ [49/211] Built Verso.Doc.Elab.InlineString (314ms)
✔ [50/211] Built Verso.BuildLog (729ms)
✔ [51/211] Built Verso.Output.Html.AttributeName:c.o (197ms)
✔ [52/211] Built MultiVerso.Path:c.o (148ms)
✔ [53/211] Built MD4Lean.Basic (992ms)
✔ [54/211] Built MultiVerso.Method (968ms)
✔ [55/211] Built Verso.Doc.PointOfInterest (489ms)
✔ [56/211] Built MultiVerso.Manifest (870ms)
✔ [57/211] Built Verso.Doc.Elab.InlineString:c.o (90ms)
✔ [58/211] Built Verso.Doc.PointOfInterest:c.o (72ms)
✔ [59/211] Built MultiVerso.InternalId:c.o (263ms)
✔ [60/211] Built Verso.Doc.Name (722ms)
✔ [61/211] Built Verso.Doc.Suggestion (484ms)
✔ [62/211] Built MultiVerso.NameMap (940ms)
✔ [63/211] Built VersoSearch.PorterStemmer (889ms)
✔ [64/211] Built Verso.Instances.Deriving:c.o (336ms)
✔ [65/211] Built Verso.Doc.Suggestion:c.o (119ms)
✔ [66/211] Built Verso.Instances (608ms)
✔ [67/211] Built Verso.Method (281ms)
✔ [68/211] Built VersoLiterate.Config (1.1s)
✔ [69/211] Built Verso.Doc.Name:c.o (138ms)
✔ [70/211] Built Verso.Output.Html.Entities:c.o (512ms)
✔ [71/211] Built Verso.BuildLog:c.o (432ms)
✔ [72/211] Built Verso.Method:c.o (63ms)
✔ [73/211] Built MultiVerso.Method:c.o (485ms)
✔ [74/211] Built MD4Lean.Basic:c.o (583ms)
✔ [75/211] Built MultiVerso.NameMap:c.o (477ms)
✔ [76/211] Built VersoSearch.PorterStemmer:c.o (534ms)
✔ [77/211] Built MD4Lean.Basic:dynlib (81ms)
✔ [78/211] Built MD4Lean.FFI (186ms)
✔ [79/211] Built Verso.Instances:c.o (497ms)
✔ [80/211] Built MultiVerso.Manifest:c.o (774ms)
✔ [81/211] Built MD4Lean.FFI:c.o (94ms)
✔ [82/211] Built MD4Lean.FFI:dynlib (42ms)
✔ [83/211] Built MD4Lean (182ms)
✔ [84/211] Built MD4Lean:c.o (82ms)
✔ [85/211] Built Verso.Output.Html (1.4s)
✔ [86/211] Built VersoUtil.BinFiles.Z85 (1.0s)
✔ [87/211] Built MD4Lean:shared (40ms)
✔ [88/211] Built Verso.SyntaxUtils (1.1s)
✔ [89/211] Built VersoUtil.BinFiles.Z85:c.o (178ms)
✔ [90/211] Built VersoUtil.BinFiles (367ms)
✔ [91/211] Built VersoLiterate.Config:c.o (1.3s)
✔ [92/211] Built VersoUtil.BinFiles:c.o (248ms)
✔ [93/211] Built VersoSearch.DomainSearch (704ms)
✔ [94/211] Built Verso.SyntaxUtils:c.o (924ms)
✔ [95/211] Built Verso.Output.Html:c.o (1.3s)
✔ [96/211] Built SubVerso.Compat (3.6s)
✔ [97/211] Built Verso.Parser (1.5s)
✔ [98/211] Built VersoSearch.DomainSearch:c.o (757ms)
✔ [99/211] Built Verso.WithoutAsync (447ms)
✔ [100/211] Built Verso.WithoutAsync:c.o (72ms)
✔ [101/211] Built SubVerso.Highlighting.Messages (534ms)
✔ [102/211] Built SubVerso.Helper.Netstring (551ms)
✔ [103/211] Built SubVerso.Examples.Messages.NormalizeLineNum (562ms)
✔ [104/211] Built SubVerso.Examples.Messages.NormalizeMetavars (534ms)
✔ [105/211] Built SubVerso.Highlighting.Messages:c.o (68ms)
✔ [106/211] Built SubVerso.Helper.Netstring:c.o (123ms)
✔ [107/211] Built SubVerso.Examples.Messages.NormalizeLineNum:c.o (212ms)
✔ [108/211] Built SubVerso.Examples.Messages.NormalizeMetavars:c.o (290ms)
✔ [109/211] Built Verso.ExpectString (278ms)
✔ [110/211] Built Verso.Linters (628ms)
✔ [111/211] Built SubVerso.Examples.Messages (413ms)
✔ [112/211] Built Verso.ExpectString:c.o (105ms)
✔ [113/211] Built SubVerso.Examples.Messages:c.o (104ms)
✔ [114/211] Built Verso.Linters:c.o (753ms)
✔ [115/211] Built SubVerso.Compat:c.o (1.7s)
✔ [116/211] Built Verso.Parser:c.o (1.6s)
✔ [117/211] Built MultiVerso.Slug (4.0s)
✔ [118/211] Built MultiVerso.Link (293ms)
✔ [119/211] Built MultiVerso.Link:c.o (264ms)
✔ [120/211] Built Verso.Output.TeX (929ms)
✔ [121/211] Built SubVerso.Highlighting.Highlighted (3.3s)
✔ [122/211] Built MultiVerso.Slug:c.o (1.1s)
✔ [123/211] Built Verso.Output (233ms)
✔ [124/211] Built Verso.Output:c.o (52ms)
✔ [125/211] Built SubVerso.Highlighting.String (496ms)
✔ [126/211] Built SubVerso.Highlighting.Split (682ms)
✔ [127/211] Built Verso.Output.TeX:c.o (695ms)
✔ [128/211] Built MultiVerso (1.4s)
✔ [129/211] Built SubVerso.Highlighting.String:c.o (205ms)
✔ [130/211] Built SubVerso.Highlighting.Anchors.Basic (1.1s)
✔ [131/211] Built SubVerso.Highlighting.Export (1.2s)
✔ [132/211] Built SubVerso.Highlighting.Split:c.o (679ms)
✔ [133/211] Built SubVerso.Highlighting.Anchors.Check (523ms)
✔ [134/211] Built SubVerso.Highlighting.Anchors.Check:c.o (271ms)
✔ [135/211] Built SubVerso.Highlighting.Anchors (454ms)
✔ [136/211] Built SubVerso.Highlighting.Anchors:c.o (54ms)
✔ [137/211] Built SubVerso.Highlighting.Anchors.Basic:c.o (1.4s)
✔ [138/211] Built MultiVerso:c.o (2.1s)
✔ [139/211] Built SubVerso.Highlighting.Export:c.o (1.8s)
✔ [140/211] Built SubVerso.Highlighting.Highlighted:c.o (4.8s)
✔ [141/211] Built SubVerso.Highlighting.Code (6.9s)
✔ [142/211] Built SubVerso.Highlighting (370ms)
✔ [143/211] Built SubVerso.Highlighting:c.o (53ms)
✔ [144/211] Built SubVerso.Examples.Env (598ms)
✔ [145/211] Built SubVerso.Module (524ms)
✔ [146/211] Built SubVerso.Helper (567ms)
✔ [147/211] Built SubVerso.Module:c.o (255ms)
✔ [148/211] Built Verso.Code.External.Code (868ms)
✔ [149/211] Built SubVerso.Helper:c.o (330ms)
✔ [150/211] Built Verso.Code.External.Env (424ms)
✔ [151/211] Built SubVerso.Examples.Env:c.o (409ms)
✔ [152/211] Built Verso.Code.External.Env:c.o (63ms)
✔ [153/211] Built Verso.Code.External.Code:c.o (492ms)
✔ [154/211] Built Verso.Code.External.Files (627ms)
✔ [155/211] Built Verso.Doc (1.7s)
✔ [156/211] Built Verso.Code.External.Files:c.o (512ms)
✔ [157/211] Built Verso.Doc.Elab.Basic (893ms)
✔ [158/211] Built Verso.Doc.TeX (907ms)
✔ [159/211] Built Verso.Doc.Elab.Basic:c.o (609ms)
✔ [160/211] Built Verso.Doc.TeX:c.o (630ms)
✔ [161/211] Built Verso.Doc:c.o (1.6s)
✔ [162/211] Built Verso.Code.Highlighted (1.7s)
✔ [163/211] Built VersoSearch (1.8s)
✔ [164/211] Built Verso.Doc.ArgParse (2.4s)
✔ [165/211] Built Verso.Code.HighlightedToTex (638ms)
✔ [166/211] Built Verso.Doc.Html (733ms)
✔ [167/211] Built Verso.Code.HighlightedToTex:c.o (289ms)
✔ [168/211] Built Verso.Doc.Html:c.o (458ms)
✔ [169/211] Built Verso.Code.External.Config (611ms)
✔ [170/211] Built Verso.Code.External.Config:c.o (252ms)
✔ [171/211] Built Verso.Code.Highlighted:c.o (1.6s)
✔ [172/211] Built VersoSearch:c.o (2.3s)
✔ [173/211] Built Verso.Doc.ArgParse:c.o (2.2s)
✔ [174/211] Built Verso.Doc.Elab.Monad (2.6s)
✔ [175/211] Built Verso.Doc.Elab.Inline (625ms)
✔ [176/211] Built Verso.Doc.Elab.ExtensionResolution (786ms)
✔ [177/211] Built Verso.Doc.Elab.Block (681ms)
✔ [178/211] Built Verso.Doc.Elab.Inline:c.o (706ms)
✔ [179/211] Built Verso.Doc.Elab.ExtensionResolution:c.o (1.3s)
✔ [180/211] Built Verso.Doc.Lsp (2.2s)
✔ [181/211] Built Verso.Doc.Elab.Block:c.o (1.0s)
✔ [182/211] Built Verso.Doc.Elab (2.0s)
✔ [183/211] Built Verso.Doc.Concrete.InlineString (704ms)
✔ [184/211] Built Verso.Doc.Concrete.InlineString:c.o (426ms)
✔ [185/211] Built SubVerso.Highlighting.Code:c.o (11s)
✔ [186/211] Built Verso.Doc.Elab.Monad:c.o (5.0s)
✔ [187/211] Built Verso.Doc.Lsp:c.o (2.9s)
✔ [188/211] Built Verso.Doc.Concrete (1.6s)
✔ [189/211] Built Verso.Doc.Elab:c.o (2.8s)
✔ [190/211] Built Verso.Doc.Concrete:c.o (1.3s)
✔ [191/211] Built Verso.Code.External (3.0s)
✔ [192/211] Built Verso.Code (397ms)
✔ [193/211] Built Verso.Code:c.o (54ms)
✔ [194/211] Built Verso (410ms)
✔ [195/211] Built Verso:c.o (76ms)
✔ [196/211] Built VersoLiterate.Basic (1.1s)
✔ [197/211] Built VersoLiterate.Search (418ms)
✔ [198/211] Built VersoLiterate.Search:c.o (58ms)
✔ [199/211] Built VersoLiterate.Basic:c.o (1.5s)
✔ [200/211] Built VersoLiterate.Exported (1.6s)
✔ [201/211] Built VersoLiterate.Module (493ms)
✔ [202/211] Built VersoLiterate.Module:c.o (243ms)
✔ [203/211] Built VersoLiterate (388ms)
✔ [204/211] Built VersoLiterate:c.o (53ms)
✔ [205/211] Built VersoLiterateMain (2.1s)
✔ [206/211] Built VersoLiterate.Exported:c.o (2.0s)
✔ [207/211] Built Verso.Code.External:c.o (7.6s)
✔ [208/211] Built VersoLiterateMain:c.o (2.7s)
✔ [209/211] Built «verso-literate»:exe (1.3s)
✔ [210/211] Built PalomarVersoCompatibilityCheck/Challenge:literate (204ms)
Build completed successfully (211 jobs).
