✔ [71/141] Built Mathlib.Lean.Linter:c.o (96ms)
✔ [72/141] Built Mathlib.Tactic.Lemma:c.o (96ms)
✔ [73/141] Built Mathlib.Lean.Environment:c.o (87ms)
✔ [74/141] Built Batteries.Lean.Position:c.o (221ms)
✔ [75/141] Built Mathlib.Tactic.DeclarationNames:c.o (146ms)
✔ [76/141] Built Mathlib.Tactic.AdaptationNote:c.o (292ms)
✔ [77/141] Built Mathlib.Tactic.Linter.DocPrime:c.o (351ms)
✔ [78/141] Built Mathlib.Tactic.Linter.HaveILetI:c.o (304ms)
✔ [79/141] Built Mathlib.Tactic.Linter.OldObtain:c.o (264ms)
✔ [80/141] Built Mathlib.Tactic.Linter.TacticDocumentation:c.o (252ms)
✔ [81/141] Built Batteries.Tactic.Unreachable:c.o (272ms)
✔ [82/141] Built Mathlib.Tactic.Linter.AuxLemma:c.o (402ms)
✔ [83/141] Built Mathlib.Tactic.Linter.GlobalAttributeIn:c.o (401ms)
✔ [84/141] Built Mathlib.Tactic.Linter.InternalConstructor:c.o (385ms)
✔ [85/141] Built Mathlib.Tactic.Linter.PrivateModule:c.o (415ms)
✔ [86/141] Built ImportGraph.Imports.Redundant:c.o (151ms)
✔ [87/141] Built ImportGraph.Lean.Environment:c.o (135ms)
✔ [88/141] Built Mathlib.Tactic.Linter.DeprecatedSyntaxLinter:c.o (599ms)
✔ [89/141] Built Mathlib.Tactic.Linter.HashCommandLinter:c.o (553ms)
✔ [90/141] Built Mathlib.Lean.Elab.InfoTree:c.o (445ms)
✔ [91/141] Built Mathlib.Tactic.Linter.UnusedTacticExtension:c.o (591ms)
✔ [92/141] Built Mathlib.Lean.Elab.Tactic.Meta:c.o (455ms)
✔ [93/141] Built Batteries.Lean.Meta.Inaccessible:c.o (351ms)
✔ [94/141] Built Mathlib.Util.ParseCommand:c.o (280ms)
✔ [95/141] Built Mathlib.Tactic.TypeStar:c.o (151ms)
✔ [96/141] Built Batteries.Lean.Syntax:c.o (165ms)
✔ [98/141] Built Mathlib.Tactic.Linter.DirectoryDependency:c.o (732ms)
✔ [99/141] Built Mathlib.Tactic.Linter.Multigoal:c.o (678ms)
✔ [100/141] Built Batteries.Util.LibraryNote:c.o (298ms)
✔ [101/141] Built ImportGraph.Graph.TransitiveClosure:c.o (162ms)
✔ [102/141] Built ImportGraph.Tools:c.o (95ms)
✔ [103/141] Built Mathlib.Tactic.Linter.EmptyLine:c.o (891ms)
✔ [104/141] Built Batteries.Tactic.Lint.Misc:c.o (777ms)
✔ [105/141] Built ImportGraph.Tools.RedundantImports:c.o (235ms)
✔ [106/141] Built Batteries.Tactic.Lint:c.o (75ms)
✔ [107/141] Built Batteries.Tactic.Lint.Basic:c.o (914ms)
✔ [108/141] Built Mathlib.Lean.ContextInfo:c.o (731ms)
✔ [109/141] Built Mathlib.Util.CodeActions:c.o (138ms)
✔ [110/141] Built Mathlib.Tactic.Linter.Header:c.o (1.0s)
✔ [111/141] Built ImportGraph.Imports.ImportGraph:c.o (723ms)
✔ [112/141] Built Mathlib.Util.CodeActions.BinderPlicity:c.o (258ms)
✔ [113/141] Built Mathlib.Init:c.o (155ms)
✔ [114/141] Built Mathlib.Util.GetAllModules:c.o (183ms)
✔ [115/141] Built Mathlib.Tactic.Linter.DocString:c.o (1.2s)
✔ [116/141] Built Mathlib.Tactic.Linter.UnusedTactic:c.o (1.1s)
✔ [117/141] Built ImportGraph.Tools.ImportDiff:c.o (487ms)
✔ [118/141] Built ImportGraph.Tools.MinImports:c.o (509ms)
✔ [119/141] Built Batteries.Tactic.Lint.TypeClass:c.o (453ms)
✔ [120/141] Built Mathlib.Tactic.Linter.Whitespace:c.o (1.2s)
✔ [121/141] Built Mathlib.Tactic.Linter.UnusedInstancesInType:c.o (1.3s)
✔ [122/141] Built Mathlib.Tactic.Linter.Lint:c.o (577ms)
✔ [123/141] Built Mathlib.Lean.Expr.Basic:c.o (1.5s)
✔ [124/141] Built Mathlib.Tactic.TacticAnalysis:c.o (1.3s)
✔ [125/141] Built ImportGraph.Imports.RequiredModules:c.o (1.2s)
✔ [126/141] Built ImportGraph.Tools.FindHome:c.o (951ms)
✔ [127/141] Built Mathlib.Tactic.Linter.FlexibleLinter:c.o (1.6s)
✔ [128/141] Built Mathlib.Tactic.Linter.Style:c.o (1.6s)
✔ [129/141] Built Mathlib.Tactic.ExtractGoal:c.o (1.4s)
✔ [130/141] Built Batteries.Tactic.Lint.Simp:c.o (1.3s)
✔ [131/141] Built Batteries.Tactic.HelpCmd:c.o (1.5s)
✔ [132/141] Built Mathlib.Tactic.Linter.OverlappingInstances:c.o (2.2s)
✔ [133/141] Built Mathlib.Tactic.MinImports:c.o (1.9s)
✔ [134/141] Built Mathlib.Tactic.TacticAnalysis.Declarations:c.o (1.9s)
✔ [135/141] Built Batteries.Tactic.Lint.Frontend:c.o (1.7s)
✔ [136/141] Built Batteries.Util.ProofWanted:c.o (2.3s)
✔ [137/141] Built Cli.Basic (3.6s)
✔ [138/141] Built mk_all (755ms)
✔ [139/141] Built mk_all:c.o (280ms)
✔ [140/141] Built Cli.Basic:c.o (2.4s)
✔ [141/141] Built mk_all:exe (571ms)
No update necessary
