✔ [2049/2093] Built T3.GroupTheory.Notation (964ms)
✔ [2050/2093] Built T3.GroupTheory.Coproduct.Generation (1.2s)
✔ [2051/2093] Built T3.GroupTheory.GeneratorRank.Cardinality (1.2s)
✔ [2052/2093] Built T3.GroupTheory.Subgroup (1.3s)
✔ [2053/2093] Built T3.ModelTheory.GroupAmalgamation (1.4s)
✔ [2054/2093] Built T3.ModelTheory.UniformLocalFiniteness.Universes (1.3s)
✔ [2055/2093] Built T3.GroupTheory.Roots.SharedTripleCoordinates (1.4s)
✔ [2056/2093] Built T3.LinearAlgebra.GradedLie (1.6s)
✔ [2057/2093] Built T3.ModelTheory.ElementaryReflection (1.6s)
✔ [2058/2093] Built T3.GroupTheory.AssociatedGraded.Product (1.8s)
✔ [2059/2093] Built T3.GroupTheory.AssociatedGraded.Truncation (1.8s)
✔ [2060/2093] Built T3.GroupTheory.ConjugateWidth (1.8s)
✔ [2061/2093] Built T3.LinearAlgebra.BlockDecomposition (1.8s)
✔ [2062/2093] Built T3.GroupTheory.AssociatedGraded.Generation (1.0s)
✔ [2063/2093] Built T3.GroupTheory.Support.Collection (2.0s)
✔ [2064/2093] Built T3.GroupTheory.Coproduct.Strict (2.1s)
✔ [2065/2093] Built T3.GroupTheory.Roots.CommutatorRelations (2.0s)
✔ [2066/2093] Built T3.GroupTheory.Roots.DefectBasis (2.0s)
✔ [2067/2093] Built T3.ModelTheory.ExistentialClosedness (824ms)
✔ [2068/2093] Built T3.GroupTheory.Roots.Triple (1.5s)
✔ [2069/2093] Built T3.ModelTheory.Amalgamation.Universes (937ms)
✔ [2070/2093] Built T3.GroupTheory.Support.Conjugator (1.5s)
✔ [2071/2093] Built T3.ModelTheory.BoundedAmalgamation.Universes (1.2s)
✔ [2072/2093] Built T3.GroupTheory.Roots.CentralRelations (1.5s)
✔ [2073/2093] Built T3.GroupTheory.Roots.LowerCentralStrictification (1.6s)
✔ [2074/2093] Built T3.GroupTheory.Support (1.4s)
✔ [2075/2093] Built T3.GroupTheory.Roots.SharedCommutator (2.0s)
✔ [2076/2093] Built T3.GroupTheory.Roots.Commutator (3.3s)
✔ [2077/2093] Built T3.GroupTheory.Support.Transport (969ms)
✔ [2078/2093] Built T3.GroupTheory.Roots.SharedDerivedStrictification (1.6s)
✔ [2079/2093] Built T3.ModelTheory.ExistentiallyClosedGroups (1.4s)
✔ [2080/2093] Built T3.GroupTheory.Coproduct.Support (1.0s)
✔ [2081/2093] Built T3.GroupTheory.Roots.DerivedStrictification (1.7s)
✔ [2082/2093] Built T3.GroupTheory.Roots.SharedTriple (2.9s)
✔ [2083/2093] Built T3.ModelTheory.StrictEnvelope (1.2s)
✔ [2084/2093] Built T3.LinearAlgebra.TruncatedExterior (8.6s)
✔ [2085/2093] Built T3.GroupTheory.Roots.SharedLowerCentralStrictification (1.1s)
✔ [2086/2093] Built T3.Main.BoundedWitness (1.2s)
✔ [2087/2093] Built T3.GroupTheory.Free.ExteriorLie (1.5s)
✔ [2088/2093] Built T3.Main.ModelCompanion (1.3s)
✔ [2089/2093] Built T3.Paper (784ms)
✔ [2090/2093] Built Solution (770ms)
✔ [2092/2093] Built T3 (741ms)
Build completed successfully (2093 jobs).
