✔ [70/102] Built Mathlib.Lean.Linter:c.o (107ms)
✔ [72/141] Built Mathlib.Tactic.Lemma:c.o (126ms)
✔ [73/141] Built Mathlib.Lean.Environment:c.o (117ms)
✔ [74/141] Built Batteries.Tactic.Unreachable:c.o (135ms)
✔ [75/141] Built Mathlib.Tactic.AdaptationNote:c.o (307ms)
✔ [76/141] Built Mathlib.Tactic.Linter.AuxLemma:c.o (369ms)
✔ [77/141] Built Mathlib.Tactic.Linter.DocPrime:c.o (380ms)
✔ [78/141] Built Mathlib.Tactic.Linter.HaveILetI:c.o (353ms)
✔ [79/141] Built Mathlib.Tactic.Linter.OldObtain:c.o (261ms)
✔ [80/141] Built Batteries.Lean.Position:c.o (266ms)
✔ [81/141] Built Mathlib.Tactic.DeclarationNames:c.o (200ms)
✔ [82/141] Built Mathlib.Tactic.Linter.GlobalAttributeIn:c.o (418ms)
✔ [83/141] Built Mathlib.Tactic.Linter.PrivateModule:c.o (414ms)
✔ [84/141] Built Mathlib.Tactic.Linter.TacticDocumentation:c.o (288ms)
✔ [85/141] Built Mathlib.Tactic.Linter.InternalConstructor:c.o (466ms)
✔ [86/141] Built ImportGraph.Imports.Redundant:c.o (194ms)
✔ [87/141] Built ImportGraph.Lean.Environment:c.o (158ms)
✔ [88/141] Built Mathlib.Tactic.Linter.DeprecatedSyntaxLinter:c.o (638ms)
✔ [89/141] Built Mathlib.Tactic.Linter.HashCommandLinter:c.o (614ms)
✔ [90/141] Built Mathlib.Lean.Elab.InfoTree:c.o (576ms)
✔ [91/141] Built Mathlib.Tactic.Linter.UnusedTacticExtension:c.o (567ms)
✔ [92/141] Built Batteries.Lean.Meta.Inaccessible:c.o (405ms)
✔ [93/141] Built Mathlib.Util.ParseCommand:c.o (225ms)
✔ [94/141] Built Mathlib.Tactic.TypeStar:c.o (195ms)
✔ [95/141] Built Mathlib.Tactic.Linter.DirectoryDependency:c.o (803ms)
✔ [96/141] Built Mathlib.Tactic.Linter.Multigoal:c.o (751ms)
✔ [97/141] Built Mathlib.Lean.Elab.Tactic.Meta:c.o (547ms)
✔ [98/141] Built Batteries.Lean.Syntax:c.o (103ms)
✔ [99/141] Built ImportGraph.Graph.TransitiveClosure:c.o (167ms)
✔ [100/141] Built ImportGraph.Tools:c.o (87ms)
✔ [102/141] Built Batteries.Tactic.Lint.Misc:c.o (799ms)
✔ [103/141] Built Batteries.Util.LibraryNote:c.o (324ms)
✔ [104/141] Built Batteries.Tactic.Lint:c.o (112ms)
✔ [105/141] Built Mathlib.Tactic.Linter.EmptyLine:c.o (963ms)
✔ [106/141] Built ImportGraph.Tools.RedundantImports:c.o (316ms)
✔ [107/141] Built Mathlib.Util.CodeActions:c.o (162ms)
✔ [108/141] Built Mathlib.Lean.ContextInfo:c.o (801ms)
✔ [109/141] Built ImportGraph.Imports.ImportGraph:c.o (730ms)
✔ [110/141] Built ImportGraph.Tools.MinImports:c.o (421ms)
✔ [111/141] Built Mathlib.Init:c.o (133ms)
✔ [112/141] Built Mathlib.Tactic.Linter.Header:c.o (1.2s)
✔ [113/141] Built Batteries.Tactic.Lint.Basic:c.o (1.1s)
✔ [114/141] Built ImportGraph.Tools.ImportDiff:c.o (482ms)
✔ [115/141] Built Mathlib.Util.CodeActions.BinderPlicity:c.o (346ms)
✔ [116/141] Built Mathlib.Tactic.Linter.DocString:c.o (1.3s)
✔ [117/141] Built Mathlib.Tactic.Linter.UnusedTactic:c.o (1.2s)
✔ [118/141] Built Mathlib.Util.GetAllModules:c.o (298ms)
✔ [119/141] Built Mathlib.Tactic.Linter.UnusedInstancesInType:c.o (1.3s)
✔ [120/141] Built Batteries.Tactic.Lint.TypeClass:c.o (548ms)
✔ [121/141] Built Mathlib.Tactic.Linter.Whitespace:c.o (1.4s)
✔ [122/141] Built Mathlib.Tactic.TacticAnalysis:c.o (1.3s)
✔ [123/141] Built ImportGraph.Tools.FindHome:c.o (881ms)
✔ [124/141] Built Mathlib.Tactic.Linter.Lint:c.o (762ms)
✔ [125/141] Built Mathlib.Tactic.Linter.Style:c.o (1.6s)
✔ [126/141] Built ImportGraph.Imports.RequiredModules:c.o (1.3s)
✔ [127/141] Built Mathlib.Lean.Expr.Basic:c.o (1.8s)
✔ [128/141] Built Mathlib.Tactic.ExtractGoal:c.o (1.6s)
✔ [129/141] Built Mathlib.Tactic.Linter.FlexibleLinter:c.o (2.0s)
✔ [130/141] Built Batteries.Tactic.Lint.Simp:c.o (1.3s)
✔ [131/141] Built Batteries.Tactic.HelpCmd:c.o (1.7s)
✔ [132/141] Built Mathlib.Tactic.MinImports:c.o (1.0s)
✔ [133/141] Built Mathlib.Tactic.TacticAnalysis.Declarations:c.o (2.1s)
✔ [134/141] Built Mathlib.Tactic.Linter.OverlappingInstances:c.o (2.6s)
✔ [135/141] Built Batteries.Tactic.Lint.Frontend:c.o (1.9s)
✔ [136/141] Built Batteries.Util.ProofWanted:c.o (2.6s)
✔ [137/141] Built Cli.Basic (3.7s)
✔ [138/141] Built mk_all (542ms)
✔ [139/141] Built mk_all:c.o (330ms)
✔ [140/141] Built Cli.Basic:c.o (2.7s)
✔ [141/141] Built mk_all:exe (629ms)
No update necessary
