✔ [5/238] Built MD4Lean/md4cEntityObj (124ms)
✔ [6/238] Built MD4Lean/md4cHtmlObj (157ms)
✔ [7/238] Built MD4Lean/wrapperObj (179ms)
✔ [8/255] Built Verso.BEq (349ms)
✔ [9/255] Built Verso.CLI (335ms)
✔ [10/255] Built Verso.Doc.DocName (299ms)
✔ [11/285] Built Verso.Doc.DocName:c.o (93ms)
✔ [12/285] Built Verso.Hover (437ms)
✔ [13/285] Built Verso.Doc.Elab.ExpanderAttribute (419ms)
✔ [14/285] Built Verso.Doc.SourceRange (394ms)
✔ [15/285] Built MD4Lean/md4cCoreObj (401ms)
✔ [16/288] Built MultiVerso.Path (530ms)
✔ [17/288] Built Verso.Hint (436ms)
✔ [18/288] Built Verso.Log (396ms)
✔ [19/288] Built Verso.BEq:c.o (162ms)
✔ [20/291] Built Verso.Doc.DocName:dynlib (131ms)
✔ [21/291] Built Verso.Parser.Lean (585ms)
✔ [22/291] Built MultiVerso.InternalId (623ms)
✔ [23/291] Built Verso.Hover:c.o (174ms)
✔ [24/291] Built Verso.EnvExtension (583ms)
✔ [25/291] Built Verso.Doc.Elab.ExpanderAttribute:c.o (197ms)
✔ [26/291] Built Verso.Doc.SourceRange:c.o (192ms)
✔ [27/291] Built Verso.SmartSuggestions (489ms)
✔ [28/291] Built Verso.Hint:c.o (108ms)
✔ [29/291] Built VersoUtil.WfRec (462ms)
✔ [30/291] Built Verso.CLI:c.o (186ms)
✔ [32/317] Built Verso.Instances.Deriving (756ms)
✔ [33/317] Built Verso.Hover:dynlib (122ms)
✔ [34/317] Built Verso.Doc.SourceRange:dynlib (72ms)
✔ [35/317] Built Verso.Doc.Helpers (655ms)
✔ [36/317] Built Verso.Doc.Suggestion.Basic (610ms)
✔ [37/317] Built Verso.Hint:dynlib (86ms)
✔ [38/317] Built Verso.Log:c.o (231ms)
✔ [39/317] Built Verso.Output.Html.AttributeName (595ms)
✔ [40/317] Built Verso.Output.Html.Comments (608ms)
✔ [41/317] Built Verso.Output.Html.Tags (595ms)
✔ [42/317] Built VersoUtil.WfRec:c.o (104ms)
✔ [43/317] Built Verso.Code.Highlighted.WebAssets (490ms)
✔ [44/317] Built Verso.Output.Html.CssVars (430ms)
✔ [45/317] Built Verso.BEq:dynlib (118ms)
✔ [46/317] Built Verso.CLI:dynlib (81ms)
✔ [48/317] Built MultiVerso.Path:c.o (264ms)
✔ [49/317] Built Verso.Parser.Lean:c.o (265ms)
✔ [50/317] Built Verso.Doc.Elab.ExpanderAttribute:dynlib (149ms)
✔ [51/317] Built Verso.Doc.Suggestion.Basic:c.o (94ms)
✔ [52/317] Built MultiVerso.Path:dynlib (105ms)
✔ [53/317] Built Verso.EnvExtension:c.o (296ms)
✔ [54/317] Built Verso.Doc.Suggestion.Basic:dynlib (141ms)
✔ [55/317] Built Verso.Log:dynlib (172ms)
✔ [56/317] Built Verso.SmartSuggestions:c.o (385ms)
✔ [57/317] Built Verso.Output.Html.AttributeName:c.o (222ms)
✔ [58/317] Built VersoUtil.WfRec:dynlib (172ms)
✔ [59/317] Built Verso.Code.Highlighted.WebAssets:c.o (177ms)
✔ [60/317] Built Verso.Output.Html.ElasticLunr (644ms)
✔ [61/317] Built Verso.Output.Html.CssVars:c.o (174ms)
✔ [62/317] Built MultiVerso.InternalId:c.o (408ms)
✔ [63/317] Built MultiVerso.NameMap (994ms)
✔ [64/317] Built MultiVerso.Manifest (1.1s)
✔ [65/317] Built Verso.Parser.Lean:dynlib (133ms)
✔ [66/317] Built Verso.EnvExtension:dynlib (99ms)
✔ [67/317] Built Verso.Doc.Helpers:c.o (270ms)
✔ [68/317] Built Verso.Doc.Helpers:dynlib (58ms)
✔ [69/317] Built Verso.SmartSuggestions:dynlib (94ms)
✔ [70/317] Built Verso.Output.Html.Entities (904ms)
✔ [71/317] Built Verso.Output.Html.AttributeName:dynlib (78ms)
✔ [72/317] Built Verso.Output.Html.Comments:c.o (243ms)
✔ [73/317] Built Verso.Output.Html.Comments:dynlib (85ms)
✔ [74/317] Built Verso.Output.Html.Tags:c.o (261ms)
✔ [75/317] Built VersoUtil.LzCompress (862ms)
✔ [76/317] Built Verso.BuildLog (841ms)
✔ [77/317] Built Verso.Code.Highlighted.WebAssets:dynlib (70ms)
✔ [78/317] Built Verso.Output.Html.CssVars:dynlib (114ms)
✔ [79/317] Built Verso.Output.Html.ElasticLunr:c.o (91ms)
✔ [80/317] Built MD4Lean.Basic (1.2s)
✔ [81/317] Built MultiVerso.Method (1.1s)
✔ [82/317] Built MultiVerso.InternalId:dynlib (76ms)
✔ [83/317] Built Verso.Output.Html.Tags:dynlib (77ms)
✔ [84/317] Built Verso.Output.Html.ElasticLunr:dynlib (71ms)
✔ [85/317] Built Challenge (360ms)
✔ [86/317] Built Verso.Instances.Deriving:c.o (510ms)
✔ [87/317] Built Verso.Doc.Elab.InlineString (415ms)
✔ [88/317] Built Verso.Doc.PointOfInterest (469ms)
✔ [89/317] Built Verso.Doc.Name (734ms)
✔ [90/317] Built Verso.Instances.Deriving:dynlib (50ms)
✔ [91/317] Built Verso.Doc.Elab.InlineString:c.o (108ms)
✔ [92/317] Built Verso.Doc.PointOfInterest:c.o (73ms)
✔ [93/317] Built Verso.Doc.PointOfInterest:dynlib (47ms)
✔ [94/317] Built Verso.Doc.Elab.InlineString:dynlib (50ms)
✔ [95/317] Built Verso.Doc.Suggestion (483ms)
✔ [96/317] Built Verso.BuildLog:c.o (404ms)
✔ [97/317] Built Verso.Doc.Name:c.o (212ms)
✔ [98/317] Built Verso.Doc.Suggestion:c.o (169ms)
✔ [99/317] Built Verso.Output.Html.Entities:c.o (484ms)
✔ [100/317] Built Verso.Output.Html.Entities:dynlib (47ms)
✔ [101/317] Built Verso.BuildLog:dynlib (53ms)
✔ [102/317] Built VersoSearch.PorterStemmer (802ms)
✔ [103/317] Built Verso.Doc.Name:dynlib (49ms)
✔ [104/317] Built Verso.Doc.Suggestion:dynlib (50ms)
✔ [105/317] Built MultiVerso.Method:c.o (626ms)
✔ [106/317] Built MultiVerso.Method:dynlib (55ms)
✔ [107/317] Built MultiVerso.NameMap:c.o (705ms)
✔ [108/317] Built MultiVerso.NameMap:dynlib (48ms)
✔ [109/317] Built VersoLiterate.Config (1.2s)
✔ [110/317] Built VersoUtil.LzCompress:c.o (763ms)
✔ [111/317] Built VersoUtil.Zip (1.6s)
✔ [112/317] Built VersoUtil.LzCompress:dynlib (54ms)
✔ [113/317] Built Verso.FS (321ms)
✔ [114/317] Built MD4Lean.Basic:c.o (789ms)
✔ [115/317] Built MD4Lean.Basic:dynlib (43ms)
✔ [116/317] Built Verso.Instances (646ms)
✔ [117/317] Built MultiVerso.Manifest:c.o (988ms)
✔ [118/317] Built Verso.FS:c.o (172ms)
✔ [119/317] Built Verso.FS:dynlib (41ms)
✔ [120/317] Built VersoSearch.PorterStemmer:c.o (524ms)
✔ [121/317] Built VersoSearch.PorterStemmer:dynlib (50ms)
✔ [122/317] Built MD4Lean.FFI (231ms)
✔ [123/317] Built MultiVerso.Manifest:dynlib (42ms)
✔ [124/317] Built MD4Lean.FFI:c.o (114ms)
✔ [125/317] Built MD4Lean.FFI:dynlib (51ms)
✔ [126/317] Built VersoUtil.BinFiles.Z85 (2.1s)
✔ [127/317] Built MD4Lean (219ms)
✔ [128/317] Built Verso.Instances:c.o (559ms)
✔ [129/317] Built Verso.Instances:dynlib (48ms)
✔ [130/317] Built VersoUtil.BinFiles.Z85:c.o (247ms)
✔ [131/317] Built VersoUtil.BinFiles.Z85:dynlib (37ms)
✔ [132/317] Built MD4Lean:c.o (53ms)
✔ [133/317] Built MD4Lean:shared (42ms)
✔ [134/317] Built VersoUtil.Zip:c.o (876ms)
✔ [135/317] Built VersoUtil.Zip:dynlib (42ms)
✔ [136/317] Built Verso.Output.Html (1.4s)
✔ [137/317] Built VersoUtil.BinFiles (346ms)
✔ [138/317] Built SubVerso.Compat (3.3s)
✔ [139/317] Built VersoUtil.BinFiles:c.o (205ms)
✔ [140/317] Built VersoUtil.BinFiles:dynlib (37ms)
✔ [141/317] Built VersoLiterate.Config:c.o (1.5s)
✔ [142/317] Built VersoLiterate.Config:dynlib (40ms)
✔ [143/317] Built VersoUtil (256ms)
✔ [144/317] Built VersoUtil:c.o (69ms)
✔ [145/317] Built VersoUtil:shared (50ms)
✔ [146/317] Built SubVerso.Examples.Messages.NormalizeLineNum (548ms)
✔ [147/317] Built SubVerso.Examples.Messages.NormalizeMetavars (525ms)
✔ [148/317] Built SubVerso.Helper.Netstring (561ms)
✔ [149/317] Built SubVerso.Highlighting.Messages (617ms)
✔ [150/317] Built SubVerso.Helper.Netstring:c.o (132ms)
✔ [151/317] Built SubVerso.Highlighting.Messages:c.o (93ms)
✔ [152/317] Built SubVerso.Examples.Messages.NormalizeLineNum:c.o (217ms)
✔ [153/317] Built SubVerso.Examples.Messages.NormalizeMetavars:c.o (240ms)
✔ [154/317] Built Verso.Output.Html.KaTeX (360ms)
✔ [155/317] Built SubVerso.Examples.Messages (413ms)
✔ [156/317] Built Verso.Output.Html.KaTeX:c.o (197ms)
✔ [157/317] Built Verso.Output.Html.KaTeX:dynlib (41ms)
✔ [158/317] Built SubVerso.Examples.Messages:c.o (103ms)
✔ [159/317] Built Verso.Output.Html:c.o (1.3s)
✔ [160/317] Built Verso.Output.Html:dynlib (38ms)
✔ [161/317] Built SubVerso.Compat:c.o (1.6s)
✔ [162/317] Built SubVerso.Highlighting.Highlighted (3.0s)
✔ [163/317] Built MultiVerso.Slug (4.8s)
✔ [164/317] Built SubVerso.Highlighting.String (478ms)
✔ [165/317] Built SubVerso.Highlighting.Split (667ms)
✔ [166/317] Built SubVerso.Highlighting.String:c.o (185ms)
✔ [167/317] Built SubVerso.Highlighting.Anchors.Basic (1.0s)
✔ [168/317] Built SubVerso.Highlighting.Export (1.2s)
✔ [169/317] Built SubVerso.Highlighting.Split:c.o (693ms)
✔ [170/317] Built MultiVerso.Slug:c.o (1.1s)
✔ [171/317] Built SubVerso.Highlighting.Anchors.Check (507ms)
✔ [172/317] Built MultiVerso.Slug:dynlib (43ms)
✔ [173/317] Built SubVerso.Highlighting.Anchors.Check:c.o (266ms)
✔ [174/317] Built MultiVerso.Link (282ms)
✔ [175/317] Built SubVerso.Highlighting.Anchors (418ms)
✔ [176/317] Built SubVerso.Highlighting.Anchors:c.o (49ms)
✔ [177/317] Built MultiVerso.Link:c.o (264ms)
✔ [178/317] Built MultiVerso.Link:dynlib (45ms)
✔ [179/317] Built SubVerso.Highlighting.Anchors.Basic:c.o (1.4s)
✔ [180/317] Built SubVerso.Highlighting.Export:c.o (1.7s)
✔ [181/317] Built MultiVerso (1.3s)
✔ [182/317] Built SubVerso.Highlighting.Highlighted:c.o (4.9s)
✔ [183/317] Built MultiVerso:c.o (2.4s)
✔ [184/317] Built MultiVerso:shared (51ms)
✔ [185/317] Built Verso.Method (292ms)
✔ [186/317] Built Verso.Method:c.o (71ms)
✔ [187/317] Built Verso.Method:dynlib (43ms)
✔ [188/317] Built Verso.Output.TeX (1.3s)
✔ [189/317] Built Verso.SyntaxUtils (1.1s)
✔ [190/317] Built Verso.Output.TeX:c.o (730ms)
✔ [191/317] Built Verso.Output.TeX:dynlib (43ms)
✔ [192/317] Built Verso.Output (250ms)
✔ [193/317] Built Verso.Output:c.o (87ms)
✔ [194/317] Built Verso.Output:dynlib (40ms)
✔ [195/317] Built Verso.SyntaxUtils:c.o (1.1s)
✔ [196/317] Built Verso.SyntaxUtils:dynlib (48ms)
✔ [197/317] Built SubVerso.Highlighting.Code (8.7s)
✔ [198/317] Built SubVerso.Highlighting (478ms)
✔ [199/317] Built SubVerso.Highlighting:c.o (96ms)
✔ [200/317] Built SubVerso.Module (747ms)
✔ [201/317] Built SubVerso.Helper (769ms)
✔ [202/317] Built SubVerso.Examples.Env (886ms)
✔ [203/317] Built SubVerso.Helper:c.o (300ms)
✔ [204/317] Built SubVerso.Module:c.o (299ms)
✔ [205/317] Built Verso.Parser (1.0s)
✔ [206/317] Built SubVerso.Examples.Env:c.o (484ms)
✔ [207/317] Built SubVerso.Signature (944ms)
✔ [208/317] Built SubVerso.Signature:c.o (911ms)
✔ [209/317] Built Verso.Parser:c.o (2.1s)
✔ [210/317] Built Verso.Parser:dynlib (52ms)
✔ [211/317] Built Verso.Linters (714ms)
✔ [212/317] Built SubVerso.Examples (2.7s)
✔ [213/317] Built Verso.Linters:c.o (678ms)
✔ [214/317] Built Verso.Linters:dynlib (48ms)
✔ [215/317] Built SubVerso (449ms)
✔ [216/317] Built SubVerso:c.o (58ms)
✔ [217/317] Built SubVerso.Examples:c.o (2.2s)
✔ [218/317] Built SubVerso.Highlighting.Code:c.o (14s)
✔ [219/317] Built SubVerso:shared (59ms)
✔ [220/317] Built Verso.ExpectString (302ms)
✔ [221/317] Built Verso.Code.External.Env (456ms)
✔ [222/317] Built Verso.ExpectString:c.o (118ms)
✔ [223/317] Built Verso.ExpectString:dynlib (44ms)
✔ [224/317] Built Verso.WithoutAsync (430ms)
✔ [225/317] Built Verso.Code.External.Env:c.o (71ms)
✔ [226/317] Built Verso.WithoutAsync:c.o (81ms)
✔ [227/317] Built Verso.WithoutAsync:dynlib (39ms)
✔ [228/317] Built Verso.Code.External.Env:dynlib (48ms)
✔ [229/317] Built Verso.Code.External.Code (923ms)
✔ [230/317] Built Verso.Code.External.Files (630ms)
✔ [231/317] Built Verso.Code.External.Code:c.o (484ms)
✔ [232/317] Built Verso.Code.External.Code:dynlib (38ms)
✔ [233/317] Built Verso.Doc (1.7s)
✔ [234/317] Built Verso.Code.External.Files:c.o (491ms)
✔ [235/317] Built Verso.Code.External.Files:dynlib (38ms)
✔ [236/317] Built Verso.Doc:c.o (1.5s)
✔ [237/317] Built Verso.Doc:dynlib (41ms)
✔ [238/317] Built Verso.Doc.Elab.Basic (821ms)
✔ [239/317] Built Verso.Doc.TeX (808ms)
✔ [240/317] Built Verso.Doc.TeX:c.o (511ms)
✔ [241/317] Built Verso.Doc.Elab.Basic:c.o (597ms)
✔ [242/317] Built Verso.Doc.TeX:dynlib (38ms)
✔ [243/317] Built Verso.Doc.Elab.Basic:dynlib (44ms)
✔ [244/317] Built Verso.Code.Highlighted (1.6s)
✔ [245/317] Built Verso.Doc.ArgParse (2.2s)
✔ [246/317] Built Verso.Code.Highlighted:c.o (1.6s)
✔ [247/317] Built Verso.Code.Highlighted:dynlib (44ms)
✔ [248/317] Built Verso.Code.HighlightedToTex (620ms)
✔ [249/317] Built Verso.Doc.Html (678ms)
✔ [250/317] Built Verso.Code.HighlightedToTex:c.o (280ms)
✔ [251/317] Built Verso.Code.HighlightedToTex:dynlib (37ms)
✔ [252/317] Built Verso.Doc.ArgParse:c.o (2.1s)
✔ [253/317] Built Verso.Doc.ArgParse:dynlib (40ms)
✔ [254/317] Built Verso.Doc.Html:c.o (403ms)
✔ [255/317] Built Verso.Doc.Html:dynlib (34ms)
✔ [256/317] Built Verso.Code.External.Config (529ms)
✔ [257/317] Built Verso.Code.External.Config:c.o (243ms)
✔ [258/317] Built Verso.Code.External.Config:dynlib (38ms)
✔ [259/317] Built Verso.Doc.Elab.Monad (2.3s)
✔ [260/317] Built Verso.Doc.Elab.Monad:c.o (4.9s)
✔ [261/317] Built Verso.Doc.Elab.Monad:dynlib (43ms)
✔ [262/317] Built Verso.Doc.Elab.Inline (592ms)
✔ [263/317] Built Verso.Doc.Elab.ExtensionResolution (732ms)
✔ [264/317] Built Verso.Doc.Elab.Inline:c.o (695ms)
✔ [265/317] Built Verso.Doc.Elab.Inline:dynlib (40ms)
✔ [266/317] Built Verso.Doc.Elab.ExtensionResolution:c.o (1.1s)
✔ [267/317] Built Verso.Doc.Elab.ExtensionResolution:dynlib (39ms)
✔ [268/317] Built Verso.Doc.Lsp (1.9s)
✔ [269/317] Built Verso.Doc.Elab.Block (669ms)
✔ [270/317] Built Verso.Doc.Elab.Block:c.o (985ms)
✔ [271/317] Built Verso.Doc.Elab.Block:dynlib (36ms)
✔ [272/317] Built Verso.Doc.Lsp:c.o (2.8s)
✔ [273/317] Built Verso.Doc.Lsp:dynlib (42ms)
✔ [274/317] Built Verso.Doc.Elab (1.9s)
✔ [275/317] Built Verso.Doc.Elab:c.o (2.6s)
✔ [276/317] Built Verso.Doc.Elab:dynlib (39ms)
✔ [277/317] Built Verso.Doc.Concrete.InlineString (612ms)
✔ [278/317] Built Verso.Doc.Concrete.InlineString:c.o (332ms)
✔ [279/317] Built Verso.Doc.Concrete.InlineString:dynlib (36ms)
✔ [280/317] Built Verso.Doc.Concrete (1.4s)
✔ [281/317] Built Verso.Code.External (3.8s)
✔ [282/317] Built Verso.Doc.Concrete:c.o (1.3s)
✔ [283/317] Built Verso.Doc.Concrete:dynlib (38ms)
✔ [284/317] Built Verso.Code.External:c.o (7.2s)
✔ [285/317] Built Verso.Code.External:dynlib (42ms)
✔ [286/317] Built Verso.Code (382ms)
✔ [287/317] Built Verso.Code:c.o (47ms)
✔ [288/317] Built Verso.Code:dynlib (37ms)
✔ [289/317] Built Verso (397ms)
✔ [290/317] Built Verso:c.o (65ms)
✔ [291/317] Built Verso:shared (74ms)
✔ [292/317] Built VersoSearch.DomainSearch (618ms)
✔ [293/317] Built VersoLiterate.Basic (1.1s)
✔ [294/317] Built VersoSearch.DomainSearch:c.o (710ms)
✔ [295/317] Built VersoSearch.DomainSearch:dynlib (39ms)
✔ [296/317] Built VersoLiterate.Basic:c.o (1.5s)
✔ [297/317] Built VersoLiterate.Basic:dynlib (38ms)
✔ [298/317] Built VersoSearch (1.6s)
✔ [299/317] Built VersoLiterate.Exported (1.7s)
✔ [300/317] Built VersoSearch:c.o (2.2s)
✔ [301/317] Built VersoSearch:shared (42ms)
✔ [302/317] Built VersoLiterate.Search (424ms)
✔ [303/317] Built VersoLiterate.Search:c.o (63ms)
✔ [304/317] Built VersoLiterate.Search:dynlib (38ms)
✔ [305/317] Built VersoLiterate.Exported:c.o (2.9s)
✔ [306/317] Built VersoLiterate.Exported:dynlib (40ms)
✔ [307/317] Built VersoLiterate.Module (515ms)
✔ [308/317] Built VersoLiterate.Module:c.o (236ms)
✔ [309/317] Built VersoLiterate.Module:dynlib (37ms)
✔ [310/317] Built VersoLiterate (413ms)
✔ [311/317] Built VersoLiterate:c.o (49ms)
✔ [312/317] Built VersoLiterate:shared (43ms)
✔ [313/317] Built VersoLiterateMain (2.3s)
✔ [314/317] Built VersoLiterateMain:c.o (2.7s)
✔ [315/317] Built «verso-literate»:exe (594ms)
✔ [316/317] Built PalomarVersoCompatibilityCheck434/Challenge:literate (199ms)
Build completed successfully (317 jobs).
