✔ [2042/2067] Built T3.GroupTheory.Roots.SharedLowerCentralStrictification (1.2s)
✔ [2043/2067] Built T3.GroupTheory.Roots.LowerCentralStrictification (1.3s)
✔ [2044/2067] Built T3.LinearAlgebra.ExteriorLowDegree (4.9s)
✔ [2045/2067] Built T3.GroupTheory.AssociatedGraded.Lie (9.0s)
✔ [2046/2067] Built T3.GroupTheory.AssociatedGraded.Generation (1.2s)
✔ [2047/2067] Built T3.GroupTheory.AssociatedGraded.Truncation (1.2s)
✔ [2048/2067] Built T3.GroupTheory.Free.ExteriorLie (1.6s)
✔ [2049/2067] Built T3.GroupTheory.AssociatedGradedExamples (3.0s)
✔ [2050/2067] Built T3.GroupTheory.Coproduct.FreeGraded (18s)
✔ [2051/2067] Built T3.GroupTheory.Coproduct.QuotientMaps (3.9s)
✔ [2052/2067] Built T3.GroupTheory.Coproduct.BlockBracket (21s)
✔ [2053/2067] Built T3.GroupTheory.Coproduct.GradedEquiv (3.0s)
✔ [2054/2067] Built T3.GroupTheory.Coproduct.Strict (1.4s)
✔ [2055/2067] Built T3.GroupTheory.Roots.Commutator (3.0s)
✔ [2056/2067] Built T3.GroupTheory.Roots.SharedCommutator (3.0s)
✔ [2057/2067] Built T3.GroupTheory.Roots.SharedDerivedStrictification (1.3s)
✔ [2058/2067] Built T3.GroupTheory.Roots.DerivedStrictification (1.3s)
✔ [2059/2067] Built T3.GroupTheory.Coproduct.FreeTwoSeparation (10s)
✔ [2060/2067] Built T3.GroupTheory.Coproduct.CentralSeries (783ms)
✔ [2061/2067] Built T3.ModelTheory.ExistentiallyClosedGroups (1.1s)
✔ [2062/2067] Built T3.ModelTheory.StrictEnvelope (1.1s)
✔ [2063/2067] Built T3.Main.BoundedWitness (1.2s)
✔ [2064/2067] Built T3.Main.ModelCompanion (1.3s)
✔ [2065/2067] Built T3.Paper (739ms)
✔ [2066/2067] Built T3 (716ms)
Build completed successfully (2067 jobs).
